[rabonadev.com/xtra/index.html]
[backblue.gif]
[fade.gif]
[index.html]
[rabonadev.com/xtra/img/favicon.png]
[rabonadev.com/xtra/css/font-awesome.min.css]
[rabonadev.com/xtra/css/materialize.min.css]
[rabonadev.com/xtra/css/fakeLoader.css]
[rabonadev.com/xtra/css/slick.css]
[rabonadev.com/xtra/css/slick-theme.css]
[rabonadev.com/xtra/css/owl.carousel.css]
[rabonadev.com/xtra/css/owl.theme.css]
[rabonadev.com/xtra/css/owl.transitions.css]
[rabonadev.com/xtra/css/style.css]
[rabonadev.com/xtra/index-2.html]
[rabonadev.com/xtra/contact.html]
[rabonadev.com/xtra/img/author.png]
[rabonadev.com/xtra/shop.html]
[rabonadev.com/xtra/product-details.html]
[rabonadev.com/xtra/wishlist.html]
[rabonadev.com/xtra/shopping-cart.html]
[rabonadev.com/xtra/checkout.html]
[rabonadev.com/xtra/portfolio.html]
[rabonadev.com/xtra/blog.html]
[rabonadev.com/xtra/faq.html]
[rabonadev.com/xtra/testimonial.html]
[rabonadev.com/xtra/404.html]
[rabonadev.com/xtra/login.html]
[rabonadev.com/xtra/register.html]
[rabonadev.com/xtra/img/slider1.jpg]
[rabonadev.com/xtra/img/slider2.jpg]
[rabonadev.com/xtra/img/slider3.jpg]
[rabonadev.com/xtra/img/blog1.jpg]
[rabonadev.com/xtra/img/blog2.jpg]
[rabonadev.com/xtra/img/blog3.jpg]
[rabonadev.com/xtra/img/blog4.jpg]
[rabonadev.com/xtra/js/jquery.min.js]
[rabonadev.com/xtra/js/materialize.min.js]
[rabonadev.com/xtra/js/fakeLoader.min.js]
[rabonadev.com/xtra/js/loading.js]
[rabonadev.com/xtra/js/slick.min.js]
[rabonadev.com/xtra/js/owl.carousel.min.js]
[rabonadev.com/xtra/js/custom.js]
[rabonadev.com/xtra/index.html]
[rabonadev.com/xtra/fonts/fontawesome-webfont3e6e.eot]
[rabonadev.com/xtra/fonts/fontawesome-webfontd41d.eot]
[rabonadev.com/xtra/fonts/fontawesome-webfont3e6e.woff2]
[rabonadev.com/xtra/fonts/fontawesome-webfont3e6e.woff]
[rabonadev.com/xtra/fonts/fontawesome-webfont3e6e.ttf]
[rabonadev.com/xtra/css/font-awesome.min.css]
[rabonadev.com/xtra/fonts/fontawesome-webfont3e6e.svg]
[rabonadev.com/xtra/css/materialize.min.css]
[rabonadev.com/xtra/css/fakeLoader.css]
[rabonadev.com/xtra/css/slick.css]
[rabonadev.com/xtra/fonts/ajax-loader.gif]
[rabonadev.com/xtra/fonts/slick.eot]
[rabonadev.com/xtra/fonts/slickd41d.eot]
[rabonadev.com/xtra/fonts/slick.woff]
[rabonadev.com/xtra/fonts/slick.ttf]
[rabonadev.com/xtra/fonts/slick.svg]
[rabonadev.com/xtra/css/slick-theme.css]
[rabonadev.com/xtra/css/owl.carousel.css]
[rabonadev.com/xtra/css/owl.theme.css]
[rabonadev.com/xtra/css/owl.transitions.css]
[rabonadev.com/xtra/css/style.css]
[rabonadev.com/xtra/index-2.html]
[rabonadev.com/xtra/contact.html]
[rabonadev.com/xtra/img/slider2-shop.png]
[rabonadev.com/xtra/img/slider1-shop.png]
[rabonadev.com/xtra/img/slider3-shop.png]
[rabonadev.com/xtra/img/product1.png]
[rabonadev.com/xtra/img/product2.png]
[rabonadev.com/xtra/img/product3.png]
[rabonadev.com/xtra/img/product4.png]
[rabonadev.com/xtra/img/product5.png]
[rabonadev.com/xtra/img/product6.png]
[rabonadev.com/xtra/img/product7.png]
[rabonadev.com/xtra/img/product8.png]
[rabonadev.com/xtra/shop.html]
[rabonadev.com/xtra/img/comment1.png]
[rabonadev.com/xtra/img/comment2.png]
[rabonadev.com/xtra/product-details.html]
[rabonadev.com/xtra/wishlist.html]
[rabonadev.com/xtra/shopping-cart.html]
[rabonadev.com/xtra/checkout.html]
[rabonadev.com/xtra/css/lightbox.min.css]
[rabonadev.com/xtra/img/portfolio1.jpg]
[rabonadev.com/xtra/img/portfolio2.jpg]
[rabonadev.com/xtra/img/portfolio3.jpg]
[rabonadev.com/xtra/img/portfolio4.jpg]
[rabonadev.com/xtra/img/portfolio5.jpg]
[rabonadev.com/xtra/img/portfolio6.jpg]
[rabonadev.com/xtra/js/jquery.filterizr.min.js]
[rabonadev.com/xtra/js/lightbox.min.js]
[rabonadev.com/xtra/js/custom-portfolio.js]
[rabonadev.com/xtra/portfolio.html]
[rabonadev.com/xtra/blog-single.html]
[rabonadev.com/xtra/blog.html]
[rabonadev.com/xtra/faq.html]
[rabonadev.com/xtra/img/testimonial1.png]
[rabonadev.com/xtra/img/testimonial2.png]
[rabonadev.com/xtra/img/testimonial3.png]
[rabonadev.com/xtra/testimonial.html]
[rabonadev.com/xtra/404.html]
[rabonadev.com/xtra/login.html]
[rabonadev.com/xtra/register.html]
[rabonadev.com/xtra/fonts/fontawesome-webfont3e6e.svg]
[rabonadev.com/xtra/fonts/roboto/Roboto-Thin.html]
[rabonadev.com/xtra/fonts/roboto/Roboto-Thind41d.html]
[rabonadev.com/xtra/fonts/roboto/Roboto-Thin-2.html]
[rabonadev.com/xtra/fonts/roboto/Roboto-Thin-3.html]
[rabonadev.com/xtra/fonts/roboto/Roboto-Thin-4.html]
[rabonadev.com/xtra/fonts/roboto/Roboto-Light.html]
[rabonadev.com/xtra/fonts/roboto/Roboto-Lightd41d.html]
[rabonadev.com/xtra/fonts/roboto/Roboto-Light-2.html]
[rabonadev.com/xtra/fonts/roboto/Roboto-Light-3.html]
[rabonadev.com/xtra/fonts/roboto/Roboto-Light-4.html]
[rabonadev.com/xtra/fonts/roboto/Roboto-Regular.html]
[rabonadev.com/xtra/fonts/roboto/Roboto-Regulard41d.html]
[rabonadev.com/xtra/fonts/roboto/Roboto-Regular-2.html]
[rabonadev.com/xtra/fonts/roboto/Roboto-Regular-3.html]
[rabonadev.com/xtra/fonts/roboto/Roboto-Regular-4.html]
[rabonadev.com/xtra/fonts/roboto/Roboto-Medium.html]
[rabonadev.com/xtra/fonts/roboto/Roboto-Mediumd41d.html]
[rabonadev.com/xtra/fonts/roboto/Roboto-Medium-2.html]
[rabonadev.com/xtra/fonts/roboto/Roboto-Medium-3.html]
[rabonadev.com/xtra/fonts/roboto/Roboto-Medium-4.html]
[rabonadev.com/xtra/fonts/roboto/Roboto-Bold.html]
[rabonadev.com/xtra/fonts/roboto/Roboto-Boldd41d.html]
[rabonadev.com/xtra/fonts/roboto/Roboto-Bold-2.html]
[rabonadev.com/xtra/fonts/roboto/Roboto-Bold-3.html]
[rabonadev.com/xtra/fonts/roboto/Roboto-Bold-4.html]
[rabonadev.com/xtra/fonts/slick.svg]
[rabonadev.com/xtra/css/grabbing.html]
[rabonadev.com/xtra/css/AjaxLoader.html]
[rabonadev.com/xtra/img/close.png]
[rabonadev.com/xtra/img/prev.png]
[rabonadev.com/xtra/img/next.png]
[rabonadev.com/xtra/css/lightbox.min.css]
[rabonadev.com/xtra/blog-single.html]
[rabonadev.com/xtra/img/loading.html]
